3.00000000000000000 3.00000000000000000 -0.29999999999999999
